==> Checking that the guest has node
v26.8.1
==> Staging omakit, the 2 fixtures and 0 listed plugins in the guest
Cloning into '/home/omarchy/.config/omarchy/plugins/.add.tmp.3348'...
done.
Added fixture.clean into /home/omarchy/.config/omarchy/plugins/fixture.clean
Enabled fixture.clean
Cloning into '/home/omarchy/.config/omarchy/plugins/.add.tmp.3900'...
done.
Added fixture.timer-180ms into /home/omarchy/.config/omarchy/plugins/fixture.timer-180ms
Enabled fixture.timer-180ms
ok - the 2 plugins are installed and enabled
==> shell.json before: c617611664df9a744e145083cbc702f1  -
weighing      fixture.timer-180ms, fixture.clean
shell         4.0.0.alpha at /usr/share/omarchy
restarts      3: (1 baseline + 2 plugins) × 1 run
estimate      about 1 minute, 10 s per restart: 5 s for the shell to come back
              (before any run on this machine; the lab measured 1 s), then the 2
              s settle and the 3 s window
shell.json    backed up beside itself and restored on every exit path; the md5
              is printed before and after
writes        ~/.local/state/omakit/weigh/2026-09-18T142038Z.json
█ NOT WEIGHED  this restarts the shell 3 times and edits shell.json for the
               duration; a pipe, an agent or --json cannot answer for the person
               whose shell it is.
→ Run it again and answer y, or pass --yes when the person whose shell it is has
  agreed.
==> Running omakit weigh --all --runs 1 --settle 2 --window 3 in the guest (3 restarts)
ok - the weigh-smoke job finished
==> shell.json after the measurement: c617611664df9a744e145083cbc702f1  -
ok: the document follows the contract in docs/WEIGH.md
true
==> Interrupting a second measurement inside its settle
ok - the interrupted measurement has backed shell.json up
ok - the interrupted measurement has exited
==> shell.json after the interrupt: c617611664df9a744e145083cbc702f1  -
ok - omakit weigh smoke: 3 measured restarts and a restore weighed two fixtures from the real /proc and put shell.json back byte for byte, the document follows docs/WEIGH.md, and an interrupted measurement restored it and exited 130
